Found 11 error(s).
node.exe : [96msrc/commun
ity/community.service.ts[
0m:[93m871[0m:[93m30[0
m - [91merror[0m[90m 
TS2353: [0mObject 
literal may only specify 
known properties, and 
'parentId' does not exist 
in type 
'ForumCommentWhereInput'.
At line:1 char:1
+ & "C:\Program 
Files\nodejs/node.exe" 
"C:\Program 
Files\nodejs/node_mo ...
+ ~~~~~~~~~~~~~~~~~~~~~~~~
~~~~~~~~~~~~~~~~~~~~~~~~~~
~~~~~~~~~~~~~~~~~~~
    + CategoryInfo        
      : NotSpecified: (  
  [96msrc/commun...entW   
 hereInput'.:String) [    
], RemoteException
    + FullyQualifiedError 
   Id : NativeCommandErr  
  or
 

[7m871[0m               
      where: { parentId: 
null },
[7m   [0m [91m         
                    
~~~~~~~~[0m
[96msrc/community/communi
ty.service.ts[0m:[93m881
[0m:[93m25[0m - 
[91merror[0m[90m 
TS2353: [0mObject 
literal may only specify 
known properties, and 
'replies' does not exist 
in type 'ForumCommentInclu
de<DefaultArgs>'.

[7m881[0m               
          replies: {
[7m   [0m [91m         
               ~~~~~~~[0m
[96msrc/community/communi
ty.service.ts[0m:[93m924
[0m:[93m22[0m - 
[91merror[0m[90m 
TS2339: [0mProperty 
'comments' does not exist 
on type '{ id: string; 
createdAt: Date; 
updatedAt: Date; 
category: string; title: 
string; content: string; 
views: number; authorId: 
string; tags: string[]; 
likes: number; 
isMentorOnly: boolean; 
isSolved: boolean; }'.

[7m924[0m               
  post.comments.forEach(c 
=> {
[7m   [0m [91m         
            ~~~~~~~~[0m
[96msrc/community/communi
ty.service.ts[0m:[93m943
[0m:[93m40[0m - 
[91merror[0m[90m 
TS2339: [0mProperty 
'comments' does not exist 
on type '{ id: string; 
createdAt: Date; 
updatedAt: Date; 
category: string; title: 
string; content: string; 
views: number; authorId: 
string; tags: string[]; 
likes: number; 
isMentorOnly: boolean; 
isSolved: boolean; }'.

[7m943[0m         const 
commentsWithLikes = 
post.comments.map(c => ({
[7m   [0m [91m         
                          
    ~~~~~~~~[0m
[96msrc/community/communi
ty.service.ts[0m:[93m101
0[0m:[93m17[0m - 
[91merror[0m[90m 
TS2353: [0mObject 
literal may only specify 
known properties, and 
'parentId' does not exist 
in type 'Without<ForumComm
entCreateInput, ForumComme
ntUncheckedCreateInput> & 
ForumCommentUncheckedCreat
eInput'.

[7m1010[0m              
   parentId: parentId || 
null,
[7m    [0m [91m        
        ~~~~~~~~[0m

  [96mnode_modules/.prism
a/client/index.d.ts[0m:[
93m34457[0m:[93m5[0m
    [7m34457[0m     
data: XOR<ForumCommentCrea
teInput, ForumCommentUnche
ckedCreateInput>
    [7m     [0m [96m   
 ~~~~[0m
    The expected type 
comes from property 
'data' which is declared 
here on type '{ select?: F
orumCommentSelect<DefaultA
rgs> | null | undefined; 
include?: ForumCommentIncl
ude<DefaultArgs> | null | 
undefined; data: 
(Without<...> & ForumComme
ntUncheckedCreateInput) | 
(Without<...> & 
ForumCommentCreateInput); 
}'
[96msrc/community/communi
ty.service.ts[0m:[93m104
2[0m:[93m33[0m - 
[91merror[0m[90m 
TS2353: [0mObject 
literal may only specify 
known properties, and 
'likes' does not exist in 
type '(Without<ForumCommen
tUpdateInput, ForumComment
UncheckedUpdateInput> & Fo
rumCommentUncheckedUpdateI
nput) | (Without<...> & 
ForumCommentUpdateInput)'.

[7m1042[0m              
           data: { likes: 
{ decrement: 1 } }
[7m    [0m [91m        
                        
~~~~~[0m

  [96mnode_modules/.prism
a/client/index.d.ts[0m:[
93m34505[0m:[93m5[0m
    [7m34505[0m     
data: XOR<ForumCommentUpda
teInput, ForumCommentUnche
ckedUpdateInput>
    [7m     [0m [96m   
 ~~~~[0m
    The expected type 
comes from property 
'data' which is declared 
here on type '{ select?: F
orumCommentSelect<DefaultA
rgs> | null | undefined; 
include?: ForumCommentIncl
ude<DefaultArgs> | null | 
undefined; data: 
(Without<...> & ForumComme
ntUncheckedUpdateInput) | 
(Without<...> & 
ForumCommentUpdateInput); 
where: ForumCommentWhereUn
iqueInput; }'
[96msrc/community/communi
ty.service.ts[0m:[93m104
8[0m:[93m31[0m - 
[91merror[0m[90m 
TS2353: [0mObject 
literal may only specify 
known properties, and 
'likes' does not exist in 
type 'ForumCommentSelect<D
efaultArgs>'.

[7m1048[0m              
       select: { likes: 
true }
[7m    [0m [91m        
                      
~~~~~[0m

  [96mnode_modules/.prism
a/client/index.d.ts[0m:[
93m34274[0m:[93m5[0m
    [7m34274[0m     
select?: ForumCommentSelec
t<ExtArgs> | null

    [7m     [0m [96m   
 ~~~~~~[0m
    The expected type 
comes from property 
'select' which is 
declared here on type '{ 
select?: ForumCommentSelec
t<DefaultArgs> | null | 
undefined; include?: Forum
CommentInclude<DefaultArgs
> | null | undefined; 
where: ForumCommentWhereUn
iqueInput; }'
[96msrc/community/communi
ty.service.ts[0m:[93m105
1[0m:[93m64[0m - 
[91merror[0m[90m 
TS2339: [0mProperty 
'likes' does not exist on 
type '{ id: string; 
createdAt: Date; 
updatedAt: Date; content: 
string; authorId: string; 
postId: string; }'.

[7m1051[0m              
   return { success: 
true, likes: 
updatedComment?.likes || 
0, liked: false };
[7m    [0m [91m        
                          
                          
   ~~~~~[0m
[96msrc/community/communi
ty.service.ts[0m:[93m106
2[0m:[93m33[0m - 
[91merror[0m[90m 
TS2353: [0mObject 
literal may only specify 
known properties, and 
'likes' does not exist in 
type '(Without<ForumCommen
tUpdateInput, ForumComment
UncheckedUpdateInput> & Fo
rumCommentUncheckedUpdateI
nput) | (Without<...> & 
ForumCommentUpdateInput)'.

[7m1062[0m              
           data: { likes: 
{ increment: 1 } }
[7m    [0m [91m        
                        
~~~~~[0m

  [96mnode_modules/.prism
a/client/index.d.ts[0m:[
93m34505[0m:[93m5[0m
    [7m34505[0m     
data: XOR<ForumCommentUpda
teInput, ForumCommentUnche
ckedUpdateInput>
    [7m     [0m [96m   
 ~~~~[0m
    The expected type 
comes from property 
'data' which is declared 
here on type '{ select?: F
orumCommentSelect<DefaultA
rgs> | null | undefined; 
include?: ForumCommentIncl
ude<DefaultArgs> | null | 
undefined; data: 
(Without<...> & ForumComme
ntUncheckedUpdateInput) | 
(Without<...> & 
ForumCommentUpdateInput); 
where: ForumCommentWhereUn
iqueInput; }'
[96msrc/community/communi
ty.service.ts[0m:[93m106
8[0m:[93m31[0m - 
[91merror[0m[90m 
TS2353: [0mObject 
literal may only specify 
known properties, and 
'likes' does not exist in 
type 'ForumCommentSelect<D
efaultArgs>'.

[7m1068[0m              
       select: { likes: 
true }
[7m    [0m [91m        
                      
~~~~~[0m

  [96mnode_modules/.prism
a/client/index.d.ts[0m:[
93m34274[0m:[93m5[0m
    [7m34274[0m     
select?: ForumCommentSelec
t<ExtArgs> | null
    [7m     [0m [96m   
 ~~~~~~[0m
    The expected type 
comes from property 
'select' which is 
declared here on type '{ 
select?: ForumCommentSelec
t<DefaultArgs> | null | 
undefined; include?: Forum
CommentInclude<DefaultArgs
> | null | undefined; 
where: ForumCommentWhereUn
iqueInput; }'
[96msrc/community/communi
ty.service.ts[0m:[93m107
1[0m:[93m64[0m - 
[91merror[0m[90m 
TS2339: [0mProperty 
'likes' does not exist on 
type '{ id: string; 
createdAt: Date; 
updatedAt: Date; content: 
string; authorId: string; 
postId: string; }'.

[7m1071[0m              
   return { success: 
true, likes: 
updatedComment?.likes || 
0, liked: true };
[7m    [0m [91m        
                          
                          
   ~~~~~[0m

