src/community/community.service.ts(871,30): error TS2353: Object literal may only specify known properties, and 'parentId' does not exist in type 'ForumCommentWhereInput'.
src/community/community.service.ts(881,25): error TS2353: Object literal may only specify known properties, and 'replies' does not exist in type 'ForumCommentInclude<DefaultArgs>'.
src/community/community.service.ts(924,22): error TS2339: Property 'comments' does not exist on type '{ id: string; createdAt: Date; updatedAt: Date; category: string; title: string; content: string; views: number; authorId: string; tags: string[]; likes: number; isMentorOnly: boolean; isSolved: boolean; }'.
src/community/community.service.ts(943,40): error TS2339: Property 'comments' does not exist on type '{ id: string; createdAt: Date; updatedAt: Date; category: string; title: string; content: string; views: number; authorId: string; tags: string[]; likes: number; isMentorOnly: boolean; isSolved: boolean; }'.
src/community/community.service.ts(1010,17): error TS2353: Object literal may only specify known properties, and 'parentId' does not exist in type 'Without<ForumCommentCreateInput, ForumCommentUncheckedCreateInput> & ForumCommentUncheckedCreateInput'.
src/community/community.service.ts(1042,33): error TS2353: Object literal may only specify known properties, and 'likes' does not exist in type '(Without<ForumCommentUpdateInput, ForumCommentUncheckedUpdateInput> & ForumCommentUncheckedUpdateInput) | (Without<...> & ForumCommentUpdateInput)'.
src/community/community.service.ts(1048,31): error TS2353: Object literal may only specify known properties, and 'likes' does not exist in type 'ForumCommentSelect<DefaultArgs>'.
src/community/community.service.ts(1051,64): error TS2339: Property 'likes' does not exist on type '{ id: string; createdAt: Date; updatedAt: Date; content: string; authorId: string; postId: string; }'.
src/community/community.service.ts(1062,33): error TS2353: Object literal may only specify known properties, and 'likes' does not exist in type '(Without<ForumCommentUpdateInput, ForumCommentUncheckedUpdateInput> & ForumCommentUncheckedUpdateInput) | (Without<...> & ForumCommentUpdateInput)'.
src/community/community.service.ts(1068,31): error TS2353: Object literal may only specify known properties, and 'likes' does not exist in type 'ForumCommentSelect<DefaultArgs>'.
src/community/community.service.ts(1071,64): error TS2339: Property 'likes' does not exist on type '{ id: string; createdAt: Date; updatedAt: Date; content: string; authorId: string; postId: string; }'.
